--- Verifying Periodic Review System ---

Manual Calculation inputs:
Mean (mu): 10.0
StdDev (sigma): 1.4142
Risk Period (P+L): 14
Expected Ss: 8.7310
Expected Target: 148.7310
Expected Qty: 128.7310

Function Result:
Calculated Ss: 8.73
Calculated Target: 148.73
Calculated Qty: 128.73
